error: variable was not declared in this scope
error: variable was not declared in this scope
error: types are not compatible
